// 重构日志: 9cb303c7
// 同步 ID: 9c883f32 @ Sun Jul 19 05:43:21 UTC 2026
// 同步 ID: f822e56c @ Sun Jul 19 10:26:34 UTC 2026
// 重构日志: 9b4faadf
// 重构日志: aeb7814b
// 重构日志: a98a2116
// 重构日志: c014858a
// 同步 ID: f5f9c1c7 @ Mon Jul 20 11:26:48 UTC 2026
// 重构日志: 2b928b9b
// 重构日志: 4a34928f
// 重构日志: e6affefd
// 重构日志: 02edf1bd
// 同步 ID: 1555bb87 @ Thu Jul 23 01:54:01 UTC 2026
// 同步 ID: 079a3b51 @ Thu Jul 23 13:52:29 UTC 2026
// 重构日志: 33ac772c
// 同步 ID: 3b721d92 @ Thu Jul 23 21:17:46 UTC 2026
// 重构日志: 76a1b072
// 同步 ID: 72911ae4 @ Fri Jul 24 17:59:49 UTC 2026
// 重构日志: 62134c36
// 重构日志: 024f2564
// 重构日志: 0bc20e41
// 同步 ID: 14c79dab @ Tue Jul 28 04:16:25 UTC 2026
// 重构日志: 1680b98b
// 同步 ID: 19d23228 @ Wed Jul 29 08:36:48 UTC 2026
// 同步 ID: 55f093bb @ Wed Jul 29 11:06:20 UTC 2026
// 同步 ID: 952b5d87 @ Thu Jul 30 04:54:11 UTC 2026
// 重构日志: ba5b188f
// 同步 ID: d7ca8e4c @ Sat Aug  1 12:16:26 UTC 2026
// 同步 ID: 2c875501 @ Sun Aug  2 18:13:06 UTC 2026
// 同步 ID: 5555495d @ Tue Aug  4 07:23:23 UTC 2026
